000   00100:        EXAM      START    100 
001   00100:                  BASE    #BIG 
002   00100: 694000           LDB     #BIG 
003   00103: 764006 EXA       LDT     @C 
004   00106: 9050             ADDR     T,A 
005   00108: 0FC006           STA      C,X 
006   0010B: A045            +COMPR    S,T 
********Warning: Register-Register Operations do not support extended operator******************
007   0010D: B440             CLEAR    S,S 
********Warning: Duplicate Register specified in Register operation******************
008   0010F:        B         EQU      C 
009   0010F: 3E2FF1           J       @EXA 
010   00112: 1B2003           ADD      SEC 
011   00115: 4F0000           RSUB 
012   00118: FFFFF5 SEC       WORD     -11 
013   0011B:        NUM       RESW     700 
014   0094F:        ANS       RESW     1 
015   00952: 000018 ONE       WORD     3*(5+3) 
016   00955: 000118 BIG       WORD     SEC 
017   00958:        B2         RESW     1 
018   0095B:                  LTORG 
019   0095B: 000000 C         WORD     0 
020   0095E:                  END      EXA 
