001   00100:        EXAM      START    100 
002   00100: 762027 EXA       LDT     @C 
003   00103: 9050             ADDR     T,A 
004   00105: 0FA022           STA      C,X 
005   00108: A045            +COMPR    S,T 
********Warning: Register-Register Operations do not support extended operator******************
006   0010A: B440             CLEAR    S,S 
********Warning: Duplicate Register specified in Register operation******************
007   0010C:                  BASE    #BIG 
008   0010C: 692012           LDB     #BIG 
009   0010F: 3E2FEE           J       @EXA 
010   00112: 4F0000           RSUB 
011   00115: FFFFF5 SEC       WORD     -11 
012   00118:        NUM       RESW     1 
013   0011B:        ANS       RESW     1 
014   0011E: 00038D ONE       WORD     3*5+C*3 
015   00121: 000000 BIG       WORD     0 
016   00124:        B         RESW     1 
017   00127:                  LTORG 
018   00127: 1B2FEB           ADD      SEC 
019   0012A: 000000 C         WORD     0 
020   0012D:                  END      EXA 
